
=== Sat Aug 31 15:40:24 2024

Packages were changed.
Update Mode: updateDependencies

The following packages were added:
  com.unity.ai.navigation@2.0.3
  com.unity.modules.accessibility@1.0.0
The following packages were updated:
  com.unity.2d.animation from version 5.0.4 to 10.1.3
  com.unity.2d.pixel-perfect from version 4.0.1 to 5.0.3
  com.unity.2d.psdimporter from version 4.0.2 to 9.0.3
  com.unity.2d.spriteshape from version 5.1.1 to 10.0.6
  com.unity.collab-proxy from version 1.3.9 to 2.4.4
  com.unity.ide.rider from version 2.0.7 to 3.0.31
  com.unity.ide.visualstudio from version 2.0.7 to 2.0.22
  com.unity.test-framework from version 1.1.24 to 1.4.5
  com.unity.timeline from version 1.4.6 to 1.8.7
  com.unity.ugui from version 1.0.0 to 2.0.0
  com.unity.xr.management from version 4.0.1 to 4.5.0
The following packages were removed:
  com.unity.textmeshpro@3.0.1

=== Tue Oct 15 00:35:17 2024

Packages were changed.
Update Mode: updateDependencies

The following packages were added:
  com.unity.multiplayer.center@1.0.0
The following packages were updated:
  com.unity.collab-proxy from version 2.4.4 to 2.5.1

=== Tue Dec 10 12:35:58 2024

Packages were changed.
Update Mode: updateDependencies

The following packages were updated:
  com.unity.collab-proxy from version 2.5.1 to 2.5.2
